// Jest Snapshot v1, https://goo.gl/fbAQLP

exports[`Tests_Login show_Login 1`] = `
<Fragment>
  <form
    className="login"
  >
    <h1>
      DermoApp
    </h1>
    <br />
    <input
      id="username"
      name="email"
      onChange={[Function]}
      placeholder="Email"
      text=""
      type="email"
      value=""
    />
    <input
      id="password"
      name="password"
      onChange={[Function]}
      placeholder="Password"
      text=""
      type="password"
      value=""
    />
    <div>
      <label
        className="label_error"
      />
    </div>
    <table
      class="tg"
    >
      <thead>
        <tr>
          <td
            class="tg-0pky"
          >
            <button
              id="submitbtn1"
              onClick={[Function]}
            >
              Submit
            </button>
          </td>
        </tr>
        <tr>
          <td
            class="tg-0pky"
          >
            <a
              href="#"
            >
              Forgot password?
            </a>
          </td>
        </tr>
      </thead>
    </table>
  </form>
</Fragment>
`;
