// Jest Snapshot v1, https://goo.gl/fbAQLP

exports[`Tests_App show_App 1`] = `
<div
  className="App"
>
  <Suspense
    fallback={<Loading />}
  >
    <BrowserRouter>
      <Routes>
        <Route
          element={
            <Signup
              loggedIn={false}
              setToken={[Function]}
            />
          }
          exact={true}
          path="/signup"
        />
        <Route
          element={
            <Login
              loggedIn={false}
              setToken={[Function]}
            />
          }
          path="/login"
        />
        <Route
          element={
            <ProtectedRoute
              loggedIn={false}
            >
              <Home
                removeToken={[Function]}
              />
            </ProtectedRoute>
          }
          path="/*"
        />
      </Routes>
    </BrowserRouter>
  </Suspense>
  <ToastContainer
    autoClose={5000}
    closeButton={[Function]}
    closeOnClick={true}
    draggable={true}
    draggableDirection="x"
    draggablePercent={80}
    pauseOnFocusLoss={true}
    pauseOnHover={true}
    position="top-right"
    role="alert"
    theme="light"
    transition={[Function]}
  />
</div>
`;
