// Jest Snapshot v1, https://goo.gl/fbAQLP

exports[`Tests_Login show_Login 1`] = `
<Fragment>
  <form
    className="login"
  >
    <h1>
      DermoApp
    </h1>
    <br />
    <input
      id="username"
      name="email"
      onChange={[Function]}
      placeholder="email"
      text=""
      type="email"
      value=""
    />
    <input
      data-testid="password"
      id="password"
      name="password"
      onChange={[Function]}
      placeholder="password"
      text=""
      type="password"
      value=""
    />
    <div>
      <label
        className="label_error"
      />
    </div>
    <button
      className="goToSignup"
      id="goToSignup"
      onClick={[Function]}
    >
      signin
    </button>
    <button
      id="submitbtn1"
      onClick={[Function]}
    >
      submit
    </button>
    <a
      href="#"
    >
      forgotpwd
    </a>
  </form>
</Fragment>
`;
