// Jest Snapshot v1, https://goo.gl/fbAQLP

exports[`Tests_Login show_Login 1`] = `
<Fragment>
  <div>
    <form
      className="login"
    >
      <div
        id="shadow"
      >
        <br />
        <div
          className="container"
        >
          <div
            className="row"
          >
            <div
              className="col-8"
            >
              <h1
                style={
                  Object {
                    "float": "right",
                  }
                }
              >
                DermoApp
              </h1>
            </div>
            <div
              className="col-1"
            >
              <img
                src="./medical_logo.png"
                style={
                  Object {
                    "width": "35px",
                  }
                }
              />
            </div>
            <div
              className="col-3"
            />
          </div>
        </div>
        <br />
        <div
          className="login-form"
        >
          <input
            className="form-control"
            id="username"
            name="email"
            onChange={[Function]}
            placeholder="email"
            style={
              Object {
                "display": "grid",
                "width": "90%",
              }
            }
            text=""
            type="email"
            value=""
          />
          <br />
          <input
            className="form-control"
            data-testid="password"
            id="password"
            name="password"
            onChange={[Function]}
            placeholder="password"
            style={
              Object {
                "display": "grid",
                "width": "90%",
              }
            }
            text=""
            type="password"
            value=""
          />
        </div>
        <div>
          <table
            className="table_error"
          >
            <tr>
              <td />
            </tr>
            <tr>
              <td />
            </tr>
          </table>
        </div>
        <button
          className="goToSignup"
          id="goToSignup"
          onClick={[Function]}
        >
          signin
        </button>
        <br />
        <button
          className="btn btn-success"
          id="submitbtn1"
          onClick={[Function]}
          style={
            Object {
              "width": "70%",
            }
          }
          type="button"
        >
          submit
        </button>
        <br />
        <a
          href="#"
        >
          forgotpwd
        </a>
      </div>
    </form>
  </div>
</Fragment>
`;
